
================================================================================
TDAD Session Started: 2026-09-23T13:16:24.658Z
================================================================================
[2026-09-23T13:16:26.122Z] [EXTENSION] 🚀 TDAD extension is now ACTIVATED! Version with comprehensive logging
[2026-09-23T13:16:26.122Z] [EXTENSION] 📁 Log file location: c:\Users\USER\Documents\GitHub\frontend-rvd\.tdad\logs\tdad-2026-09-23.log
[2026-09-23T13:16:26.123Z] [EXTENSION] 📊 Workspace folders: c:\Users\USER\Documents\GitHub\frontend-rvd
[2026-09-23T13:16:26.124Z] [EXTENSION] Creating WorkflowController...
[2026-09-23T13:16:26.124Z] [EXTENSION] MVP: Using simple JSON storage (.tdad/workflows/workflow.json)
[2026-09-23T13:16:26.126Z] [EXTENSION] TDAD Extension activated successfully
[2026-09-23T13:16:26.127Z] [EXTENSION] Registering commands...
[2026-09-23T13:16:27.529Z] [EXTENSION] TDAD structure already initialized
[2026-09-23T13:16:27.529Z] [EXTENSION] Auto-opening TDAD Canvas...
[2026-09-23T13:16:27.533Z] [CANVAS] Sprint 13: Agent Orchestrator initialized
[2026-09-23T13:16:27.538Z] [CANVAS] [FileStatusSync] File watchers initialized
[2026-09-23T13:16:27.546Z] [CANVAS] [FileStatusSync] Synced 0 nodes
[2026-09-23T13:16:28.050Z] [EXTENSION] FeedbackManager: Session 2
[2026-09-23T13:16:28.951Z] [CANVAS] WEBVIEW
Data: Using stylesheets: index-WTAp2nbL.css
[2026-09-23T13:16:28.960Z] [CANVAS] MVP: Canvas initialized with simple JSON storage
[2026-09-23T13:16:29.456Z] [CANVAS] [FitView] isLoading=true, nodes.length=0, folderId=null
[2026-09-23T13:16:30.403Z] [CANVAS] [FileStatusSync] Synced 0 nodes
[2026-09-23T13:16:30.562Z] [CANVAS] [FitView] isLoading=false, nodes.length=0, folderId=null
[2026-09-23T13:17:57.672Z] [CANVAS] saveNow: Saving 0 nodes to folder root - statuses: []
[2026-09-23T13:17:57.675Z] [CANVAS] [FileStatusSync] File watchers disposed
[2026-09-23T13:17:57.782Z] [EXTENSION] Blueprint workflow changed (suppressed - internal save): c:\Users\USER\Documents\GitHub\frontend-rvd\.tdad\workflows\root.workflow.json
